// Jest Snapshot v1, https://goo.gl/fbAQLP

exports[`Section molecule matches snapshot and renders children 1`] = `
<View
  style={
    {
      "marginBottom": 24,
    }
  }
>
  <Text
    style={
      [
        {
          "color": "#111827",
          "fontSize": 18,
          "fontWeight": "700",
        },
        undefined,
      ]
    }
  >
    Stats
  </Text>
  <View
    style={
      {
        "height": 8,
      }
    }
  />
</View>
`;
