// Jest Snapshot v1, https://goo.gl/fbAQLP

exports[`EvolutionList molecule matches snapshot 1`] = `
<RCTScrollView
  contentContainerStyle={
    {
      "gap": 8,
    }
  }
  data={
    [
      {
        "id": 1,
        "image": "http://img1",
        "name": "Bulbasaur",
      },
      {
        "id": 2,
        "image": "http://img2",
        "name": "Ivysaur",
      },
      {
        "id": 3,
        "image": "http://img3",
        "name": "Venusaur",
      },
    ]
  }
  getItem={[Function]}
  getItemCount={[Function]}
  horizontal={true}
  keyExtractor={[Function]}
  onContentSizeChange={[Function]}
  onLayout={[Function]}
  onMomentumScrollBegin={[Function]}
  onMomentumScrollEnd={[Function]}
  onScroll={[Function]}
  onScrollBeginDrag={[Function]}
  onScrollEndDrag={[Function]}
  removeClippedSubviews={false}
  renderItem={[Function]}
  scrollEventThrottle={0.0001}
  showsHorizontalScrollIndicator={false}
  stickyHeaderIndices={[]}
  viewabilityConfigCallbackPairs={[]}
>
  <View>
    <View
      onFocusCapture={[Function]}
      onLayout={[Function]}
      style={
        [
          {
            "flexDirection": "row",
          },
          null,
        ]
      }
    >
      <View
        accessibilityState={
          {
            "busy": undefined,
            "checked": undefined,
            "disabled": undefined,
            "expanded": undefined,
            "selected": undefined,
          }
        }
        accessibilityValue={
          {
            "max": undefined,
            "min": undefined,
            "now": undefined,
            "text": undefined,
          }
        }
        accessible={true}
        collapsable={false}
        focusable={true}
        onBlur={[Function]}
        onClick={[Function]}
        onFocus={[Function]}
        onResponderGrant={[Function]}
        onResponderMove={[Function]}
        onResponderRelease={[Function]}
        onResponderTerminate={[Function]}
        onResponderTerminationRequest={[Function]}
        onStartShouldSetResponder={[Function]}
        style={
          {
            "alignItems": "center",
            "backgroundColor": "#FFFFFF",
            "borderRadius": 12,
            "padding": 8,
            "width": 100,
          }
        }
      >
        <Image
          resizeMode="contain"
          source={
            {
              "uri": "http://img1",
            }
          }
          style={
            {
              "height": 72,
              "marginBottom": 4,
              "width": 72,
            }
          }
        />
        <Text
          style={
            [
              {
                "color": "#111827",
                "fontSize": 12,
                "fontWeight": "400",
              },
              undefined,
            ]
          }
        >
          Bulbasaur
        </Text>
      </View>
    </View>
    <View
      onFocusCapture={[Function]}
      onLayout={[Function]}
      style={
        [
          {
            "flexDirection": "row",
          },
          null,
        ]
      }
    >
      <View
        accessibilityState={
          {
            "busy": undefined,
            "checked": undefined,
            "disabled": undefined,
            "expanded": undefined,
            "selected": undefined,
          }
        }
        accessibilityValue={
          {
            "max": undefined,
            "min": undefined,
            "now": undefined,
            "text": undefined,
          }
        }
        accessible={true}
        collapsable={false}
        focusable={true}
        onBlur={[Function]}
        onClick={[Function]}
        onFocus={[Function]}
        onResponderGrant={[Function]}
        onResponderMove={[Function]}
        onResponderRelease={[Function]}
        onResponderTerminate={[Function]}
        onResponderTerminationRequest={[Function]}
        onStartShouldSetResponder={[Function]}
        style={
          {
            "alignItems": "center",
            "backgroundColor": "#FFFFFF",
            "borderRadius": 12,
            "padding": 8,
            "width": 100,
          }
        }
      >
        <Image
          resizeMode="contain"
          source={
            {
              "uri": "http://img2",
            }
          }
          style={
            {
              "height": 72,
              "marginBottom": 4,
              "width": 72,
            }
          }
        />
        <Text
          style={
            [
              {
                "color": "#111827",
                "fontSize": 12,
                "fontWeight": "400",
              },
              undefined,
            ]
          }
        >
          Ivysaur
        </Text>
      </View>
    </View>
    <View
      onFocusCapture={[Function]}
      onLayout={[Function]}
      style={
        [
          {
            "flexDirection": "row",
          },
          null,
        ]
      }
    >
      <View
        accessibilityState={
          {
            "busy": undefined,
            "checked": undefined,
            "disabled": undefined,
            "expanded": undefined,
            "selected": undefined,
          }
        }
        accessibilityValue={
          {
            "max": undefined,
            "min": undefined,
            "now": undefined,
            "text": undefined,
          }
        }
        accessible={true}
        collapsable={false}
        focusable={true}
        onBlur={[Function]}
        onClick={[Function]}
        onFocus={[Function]}
        onResponderGrant={[Function]}
        onResponderMove={[Function]}
        onResponderRelease={[Function]}
        onResponderTerminate={[Function]}
        onResponderTerminationRequest={[Function]}
        onStartShouldSetResponder={[Function]}
        style={
          {
            "alignItems": "center",
            "backgroundColor": "#FFFFFF",
            "borderRadius": 12,
            "padding": 8,
            "width": 100,
          }
        }
      >
        <Image
          resizeMode="contain"
          source={
            {
              "uri": "http://img3",
            }
          }
          style={
            {
              "height": 72,
              "marginBottom": 4,
              "width": 72,
            }
          }
        />
        <Text
          style={
            [
              {
                "color": "#111827",
                "fontSize": 12,
                "fontWeight": "400",
              },
              undefined,
            ]
          }
        >
          Venusaur
        </Text>
      </View>
    </View>
  </View>
</RCTScrollView>
`;
