// Jest Snapshot v1, https://goo.gl/fbAQLP

exports[`Chip atom matches snapshot 1`] = `
<View
  style={
    [
      {
        "alignSelf": "flex-start",
        "borderRadius": 12,
        "paddingHorizontal": 8,
        "paddingVertical": 4,
      },
      {
        "backgroundColor": "#f00",
      },
    ]
  }
>
  <Text
    style={
      [
        {
          "color": "#fff",
          "fontSize": 12,
          "fontWeight": "400",
        },
        undefined,
      ]
    }
  >
    Fire
  </Text>
</View>
`;
